Archive member included to satisfy reference by file (symbol)

/opt/arm-gnu-toolchain-12.2.rel1-x86_64-arm-none-eabi/bin/../lib/gcc/arm-none-eabi/12.2.1/../../../../arm-none-eabi/lib/thumb/v7-m/nofp/libc_nano.a(libc_a-exit.o)
                              /opt/arm-gnu-toolchain-12.2.rel1-x86_64-arm-none-eabi/bin/../lib/gcc/arm-none-eabi/12.2.1/../../../../arm-none-eabi/lib/thumb/v7-m/nofp/crt0.o (exit)
/opt/arm-gnu-toolchain-12.2.rel1-x86_64-arm-none-eabi/bin/../lib/gcc/arm-none-eabi/12.2.1/../../../../arm-none-eabi/lib/thumb/v7-m/nofp/libc_nano.a(libc_a-init.o)
                              /opt/arm-gnu-toolchain-12.2.rel1-x86_64-arm-none-eabi/bin/../lib/gcc/arm-none-eabi/12.2.1/../../../../arm-none-eabi/lib/thumb/v7-m/nofp/crt0.o (__libc_init_array)
/opt/arm-gnu-toolchain-12.2.rel1-x86_64-arm-none-eabi/bin/../lib/gcc/arm-none-eabi/12.2.1/../../../../arm-none-eabi/lib/thumb/v7-m/nofp/libc_nano.a(libc_a-findfp.o)
                              /opt/arm-gnu-toolchain-12.2.rel1-x86_64-arm-none-eabi/bin/../lib/gcc/arm-none-eabi/12.2.1/../../../../arm-none-eabi/lib/thumb/v7-m/nofp/libc_nano.a(libc_a-exit.o) (__stdio_exit_handler)
/opt/arm-gnu-toolchain-12.2.rel1-x86_64-arm-none-eabi/bin/../lib/gcc/arm-none-eabi/12.2.1/../../../../arm-none-eabi/lib/thumb/v7-m/nofp/libc_nano.a(libc_a-stdio.o)
                              /opt/arm-gnu-toolchain-12.2.rel1-x86_64-arm-none-eabi/bin/../lib/gcc/arm-none-eabi/12.2.1/../../../../arm-none-eabi/lib/thumb/v7-m/nofp/libc_nano.a(libc_a-findfp.o) (__sread)
/opt/arm-gnu-toolchain-12.2.rel1-x86_64-arm-none-eabi/bin/../lib/gcc/arm-none-eabi/12.2.1/../../../../arm-none-eabi/lib/thumb/v7-m/nofp/libc_nano.a(libc_a-writer.o)
                              /opt/arm-gnu-toolchain-12.2.rel1-x86_64-arm-none-eabi/bin/../lib/gcc/arm-none-eabi/12.2.1/../../../../arm-none-eabi/lib/thumb/v7-m/nofp/libc_nano.a(libc_a-stdio.o) (_write_r)
/opt/arm-gnu-toolchain-12.2.rel1-x86_64-arm-none-eabi/bin/../lib/gcc/arm-none-eabi/12.2.1/../../../../arm-none-eabi/lib/thumb/v7-m/nofp/libc_nano.a(libc_a-fwalk.o)
                              /opt/arm-gnu-toolchain-12.2.rel1-x86_64-arm-none-eabi/bin/../lib/gcc/arm-none-eabi/12.2.1/../../../../arm-none-eabi/lib/thumb/v7-m/nofp/libc_nano.a(libc_a-findfp.o) (_fwalk_sglue)
/opt/arm-gnu-toolchain-12.2.rel1-x86_64-arm-none-eabi/bin/../lib/gcc/arm-none-eabi/12.2.1/../../../../arm-none-eabi/lib/thumb/v7-m/nofp/libc_nano.a(libc_a-memset.o)
                              /opt/arm-gnu-toolchain-12.2.rel1-x86_64-arm-none-eabi/bin/../lib/gcc/arm-none-eabi/12.2.1/../../../../arm-none-eabi/lib/thumb/v7-m/nofp/crt0.o (memset)
/opt/arm-gnu-toolchain-12.2.rel1-x86_64-arm-none-eabi/bin/../lib/gcc/arm-none-eabi/12.2.1/../../../../arm-none-eabi/lib/thumb/v7-m/nofp/libc_nano.a(libc_a-lock.o)
                              /opt/arm-gnu-toolchain-12.2.rel1-x86_64-arm-none-eabi/bin/../lib/gcc/arm-none-eabi/12.2.1/../../../../arm-none-eabi/lib/thumb/v7-m/nofp/libc_nano.a(libc_a-findfp.o) (__retarget_lock_init_recursive)
/opt/arm-gnu-toolchain-12.2.rel1-x86_64-arm-none-eabi/bin/../lib/gcc/arm-none-eabi/12.2.1/../../../../arm-none-eabi/lib/thumb/v7-m/nofp/libc_nano.a(libc_a-closer.o)
                              /opt/arm-gnu-toolchain-12.2.rel1-x86_64-arm-none-eabi/bin/../lib/gcc/arm-none-eabi/12.2.1/../../../../arm-none-eabi/lib/thumb/v7-m/nofp/libc_nano.a(libc_a-stdio.o) (_close_r)
/opt/arm-gnu-toolchain-12.2.rel1-x86_64-arm-none-eabi/bin/../lib/gcc/arm-none-eabi/12.2.1/../../../../arm-none-eabi/lib/thumb/v7-m/nofp/libc_nano.a(libc_a-reent.o)
                              /opt/arm-gnu-toolchain-12.2.rel1-x86_64-arm-none-eabi/bin/../lib/gcc/arm-none-eabi/12.2.1/../../../../arm-none-eabi/lib/thumb/v7-m/nofp/libc_nano.a(libc_a-writer.o) (errno)
/opt/arm-gnu-toolchain-12.2.rel1-x86_64-arm-none-eabi/bin/../lib/gcc/arm-none-eabi/12.2.1/../../../../arm-none-eabi/lib/thumb/v7-m/nofp/libc_nano.a(libc_a-impure.o)
                              /opt/arm-gnu-toolchain-12.2.rel1-x86_64-arm-none-eabi/bin/../lib/gcc/arm-none-eabi/12.2.1/../../../../arm-none-eabi/lib/thumb/v7-m/nofp/libc_nano.a(libc_a-reent.o) (_impure_ptr)
/opt/arm-gnu-toolchain-12.2.rel1-x86_64-arm-none-eabi/bin/../lib/gcc/arm-none-eabi/12.2.1/../../../../arm-none-eabi/lib/thumb/v7-m/nofp/libc_nano.a(libc_a-fflush.o)
                              /opt/arm-gnu-toolchain-12.2.rel1-x86_64-arm-none-eabi/bin/../lib/gcc/arm-none-eabi/12.2.1/../../../../arm-none-eabi/lib/thumb/v7-m/nofp/libc_nano.a(libc_a-findfp.o) (_fflush_r)
/opt/arm-gnu-toolchain-12.2.rel1-x86_64-arm-none-eabi/bin/../lib/gcc/arm-none-eabi/12.2.1/../../../../arm-none-eabi/lib/thumb/v7-m/nofp/libc_nano.a(libc_a-mallocr.o)
                              /opt/arm-gnu-toolchain-12.2.rel1-x86_64-arm-none-eabi/bin/../lib/gcc/arm-none-eabi/12.2.1/../../../../arm-none-eabi/lib/thumb/v7-m/nofp/libc_nano.a(libc_a-findfp.o) (_malloc_r)
[...]
Memory Configuration

Name             Origin             Length             Attributes
RAM              0x0000000020000000 0x0000000000005000 xrw
FLASH            0x0000000008000000 0x0000000000010000 xr
*default*        0x0000000000000000 0xffffffffffffffff

Linker script and memory map

LOAD /opt/arm-gnu-toolchain-12.2.rel1-x86_64-arm-none-eabi/bin/../lib/gcc/arm-none-eabi/12.2.1/thumb/v7-m/nofp/crti.o
LOAD /opt/arm-gnu-toolchain-12.2.rel1-x86_64-arm-none-eabi/bin/../lib/gcc/arm-none-eabi/12.2.1/thumb/v7-m/nofp/crtbegin.o
LOAD /opt/arm-gnu-toolchain-12.2.rel1-x86_64-arm-none-eabi/bin/../lib/gcc/arm-none-eabi/12.2.1/../../../../arm-none-eabi/lib/thumb/v7-m/nofp/crt0.o
LOAD build/main.o
LOAD build/stm32f1xx_it.o
LOAD build/stm32f1xx_hal_msp.o
LOAD build/stm32f1xx_hal_gpio_ex.o
LOAD build/stm32f1xx_hal_tim.o
LOAD build/stm32f1xx_hal_tim_ex.o
LOAD build/stm32f1xx_hal.o
LOAD build/stm32f1xx_hal_rcc.o
LOAD build/stm32f1xx_hal_rcc_ex.o
LOAD build/stm32f1xx_hal_gpio.o
LOAD build/stm32f1xx_hal_dma.o
LOAD build/stm32f1xx_hal_cortex.o
LOAD build/stm32f1xx_hal_pwr.o
LOAD build/stm32f1xx_hal_flash.o
LOAD build/stm32f1xx_hal_flash_ex.o
LOAD build/stm32f1xx_hal_exti.o
LOAD build/system_stm32f1xx.o
LOAD build/startup_stm32f103xb.o
LOAD /opt/arm-gnu-toolchain-12.2.rel1-x86_64-arm-none-eabi/bin/../lib/gcc/arm-none-eabi/12.2.1/../../../../arm-none-eabi/lib/thumb/v7-m/nofp/libc_nano.a
LOAD /opt/arm-gnu-toolchain-12.2.rel1-x86_64-arm-none-eabi/bin/../lib/gcc/arm-none-eabi/12.2.1/../../../../arm-none-eabi/lib/thumb/v7-m/nofp/libm.a
LOAD /opt/arm-gnu-toolchain-12.2.rel1-x86_64-arm-none-eabi/bin/../lib/gcc/arm-none-eabi/12.2.1/../../../../arm-none-eabi/lib/thumb/v7-m/nofp/libnosys.a
START GROUP
LOAD /opt/arm-gnu-toolchain-12.2.rel1-x86_64-arm-none-eabi/bin/../lib/gcc/arm-none-eabi/12.2.1/thumb/v7-m/nofp/libgcc.a
LOAD /opt/arm-gnu-toolchain-12.2.rel1-x86_64-arm-none-eabi/bin/../lib/gcc/arm-none-eabi/12.2.1/../../../../arm-none-eabi/lib/thumb/v7-m/nofp/libc_nano.a
END GROUP
START GROUP
LOAD /opt/arm-gnu-toolchain-12.2.rel1-x86_64-arm-none-eabi/bin/../lib/gcc/arm-none-eabi/12.2.1/thumb/v7-m/nofp/libgcc.a
LOAD /opt/arm-gnu-toolchain-12.2.rel1-x86_64-arm-none-eabi/bin/../lib/gcc/arm-none-eabi/12.2.1/../../../../arm-none-eabi/lib/thumb/v7-m/nofp/libc_nano.a
END GROUP
LOAD /opt/arm-gnu-toolchain-12.2.rel1-x86_64-arm-none-eabi/bin/../lib/gcc/arm-none-eabi/12.2.1/thumb/v7-m/nofp/crtend.o
LOAD /opt/arm-gnu-toolchain-12.2.rel1-x86_64-arm-none-eabi/bin/../lib/gcc/arm-none-eabi/12.2.1/thumb/v7-m/nofp/crtn.o
                0x0000000020005000                _estack = 0x20005000
                0x0000000000000200                _Min_Heap_Size = 0x200
                0x0000000000000400                _Min_Stack_Size = 0x400

.isr_vector     0x0000000008000000      0x10c
                0x0000000008000000                . = ALIGN (0x4)
 *(.isr_vector)
 .isr_vector    0x0000000008000000      0x10c build/startup_stm32f103xb.o
                0x0000000008000000                g_pfnVectors
                0x000000000800010c                . = ALIGN (0x4)

.text           0x000000000800010c     0x1270
                0x000000000800010c                . = ALIGN (0x4)
 *(.text)
 *(.text*)
 .text.deregister_tm_clones
                0x000000000800010c       0x1c /opt/arm-gnu-toolchain-12.2.rel1-x86_64-arm-none-eabi/bin/../lib/gcc/arm-none-eabi/12.2.1/thumb/v7-m/nofp/crtbegin.o
 .text.register_tm_clones
                0x0000000008000128       0x24 /opt/arm-gnu-toolchain-12.2.rel1-x86_64-arm-none-eabi/bin/../lib/gcc/arm-none-eabi/12.2.1/thumb/v7-m/nofp/crtbegin.o
 .text.__do_global_dtors_aux
                0x000000000800014c       0x28 /opt/arm-gnu-toolchain-12.2.rel1-x86_64-arm-none-eabi/bin/../lib/gcc/arm-none-eabi/12.2.1/thumb/v7-m/nofp/crtbegin.o
 .text.frame_dummy
                0x0000000008000174       0x24 /opt/arm-gnu-toolchain-12.2.rel1-x86_64-arm-none-eabi/bin/../lib/gcc/arm-none-eabi/12.2.1/thumb/v7-m/nofp/crtbegin.o
 .text.main     0x0000000008000198       0x74 build/main.o
                0x0000000008000198                main
 .text.SystemClock_Config
                0x000000000800020c       0x8a build/main.o
                0x000000000800020c                SystemClock_Config
 *fill*         0x0000000008000296        0x2 
 .text.MX_GPIO_Init
                0x0000000008000298       0xf4 build/main.o
 .text.Error_Handler
                0x000000000800038c        0xc build/main.o
                0x000000000800038c                Error_Handler
 .text.set_pins_from_counter
                0x0000000008000398       0x84 build/main.o
                0x0000000008000398                set_pins_from_counter
 .text.NMI_Handler
                0x000000000800041c        0x8 build/stm32f1xx_it.o
                0x000000000800041c                NMI_Handler
 .text.HardFault_Handler
                0x0000000008000424        0x8 build/stm32f1xx_it.o
                0x0000000008000424                HardFault_Handler
 .text.MemManage_Handler
                0x000000000800042c        0x8 build/stm32f1xx_it.o
                0x000000000800042c                MemManage_Handler
 .text.BusFault_Handler
                0x0000000008000434        0x8 build/stm32f1xx_it.o
                0x0000000008000434                BusFault_Handler
 .text.UsageFault_Handler
                0x000000000800043c        0x8 build/stm32f1xx_it.o
                0x000000000800043c                UsageFault_Handler
 .text.SVC_Handler
                0x0000000008000444        0xc build/stm32f1xx_it.o
                0x0000000008000444                SVC_Handler
 .text.DebugMon_Handler
                0x0000000008000450        0xc build/stm32f1xx_it.o
                0x0000000008000450                DebugMon_Handler
 .text.PendSV_Handler
                0x000000000800045c        0xc build/stm32f1xx_it.o
                0x000000000800045c                PendSV_Handler
 .text.SysTick_Handler
                0x0000000008000468        0xc build/stm32f1xx_it.o
                0x0000000008000468                SysTick_Handler
 .text.HAL_MspInit
                0x0000000008000474       0x64 build/stm32f1xx_hal_msp.o
                0x0000000008000474                HAL_MspInit
 .text.HAL_Init
                0x00000000080004d8       0x2c build/stm32f1xx_hal.o
                0x00000000080004d8                HAL_Init
 .text.HAL_InitTick
                0x0000000008000504       0x60 build/stm32f1xx_hal.o
                0x0000000008000504                HAL_InitTick
 .text.HAL_IncTick
                0x0000000008000564       0x24 build/stm32f1xx_hal.o
                0x0000000008000564                HAL_IncTick
 .text.HAL_GetTick
                0x0000000008000588       0x14 build/stm32f1xx_hal.o
                0x0000000008000588                HAL_GetTick
 .text.HAL_Delay
                0x000000000800059c       0x48 build/stm32f1xx_hal.o
                0x000000000800059c                HAL_Delay
 .text.HAL_RCC_OscConfig
                0x00000000080005e4      0x504 build/stm32f1xx_hal_rcc.o
                0x00000000080005e4                HAL_RCC_OscConfig
 .text.HAL_RCC_ClockConfig
                0x0000000008000ae8      0x1d4 build/stm32f1xx_hal_rcc.o
                0x0000000008000ae8                HAL_RCC_ClockConfig
 .text.HAL_RCC_GetSysClockFreq
                0x0000000008000cbc       0xbc build/stm32f1xx_hal_rcc.o
                0x0000000008000cbc                HAL_RCC_GetSysClockFreq
 .text.RCC_Delay
                0x0000000008000d78       0x3c build/stm32f1xx_hal_rcc.o
 .text.HAL_GPIO_Init
                0x0000000008000db4      0x308 build/stm32f1xx_hal_gpio.o
                0x0000000008000db4                HAL_GPIO_Init
 .text.HAL_GPIO_WritePin
                0x00000000080010bc       0x30 build/stm32f1xx_hal_gpio.o
                0x00000000080010bc                HAL_GPIO_WritePin
 .text.__NVIC_SetPriorityGrouping
                0x00000000080010ec       0x48 build/stm32f1xx_hal_cortex.o
 .text.__NVIC_GetPriorityGrouping
                0x0000000008001134       0x1c build/stm32f1xx_hal_cortex.o
 .text.__NVIC_SetPriority
                0x0000000008001150       0x54 build/stm32f1xx_hal_cortex.o
 .text.NVIC_EncodePriority
                0x00000000080011a4       0x64 build/stm32f1xx_hal_cortex.o
 .text.SysTick_Config
                0x0000000008001208       0x44 build/stm32f1xx_hal_cortex.o
 .text.HAL_NVIC_SetPriorityGrouping
                0x000000000800124c       0x16 build/stm32f1xx_hal_cortex.o
                0x000000000800124c                HAL_NVIC_SetPriorityGrouping
 .text.HAL_NVIC_SetPriority
                0x0000000008001262       0x38 build/stm32f1xx_hal_cortex.o
                0x0000000008001262                HAL_NVIC_SetPriority
 .text.HAL_SYSTICK_Config
                0x000000000800129a       0x18 build/stm32f1xx_hal_cortex.o
                0x000000000800129a                HAL_SYSTICK_Config
 .text.SystemInit
                0x00000000080012b2        0xc build/system_stm32f1xx.o
                0x00000000080012b2                SystemInit
 *fill*         0x00000000080012be        0x2 
 .text.Reset_Handler
                0x00000000080012c0       0x48 build/startup_stm32f103xb.o
                0x00000000080012c0                Reset_Handler
 .text.Default_Handler
                0x0000000008001308        0x2 build/startup_stm32f103xb.o
                0x0000000008001308                RTC_Alarm_IRQHandler
                0x0000000008001308                EXTI2_IRQHandler
                0x0000000008001308                TIM1_CC_IRQHandler
                0x0000000008001308                PVD_IRQHandler
                0x0000000008001308                EXTI3_IRQHandler
                0x0000000008001308                EXTI0_IRQHandler
                0x0000000008001308                I2C2_EV_IRQHandler
                0x0000000008001308                ADC1_2_IRQHandler
                0x0000000008001308                SPI1_IRQHandler
                0x0000000008001308                TAMPER_IRQHandler
                0x0000000008001308                DMA1_Channel4_IRQHandler
                0x0000000008001308                USART3_IRQHandler
                0x0000000008001308                RTC_IRQHandler
                0x0000000008001308                DMA1_Channel7_IRQHandler
                0x0000000008001308                CAN1_RX1_IRQHandler
                0x0000000008001308                TIM4_IRQHandler
                0x0000000008001308                I2C1_EV_IRQHandler
                0x0000000008001308                DMA1_Channel6_IRQHandler
                0x0000000008001308                TIM3_IRQHandler
                0x0000000008001308                RCC_IRQHandler
                0x0000000008001308                TIM1_TRG_COM_IRQHandler
                0x0000000008001308                DMA1_Channel1_IRQHandler
                0x0000000008001308                Default_Handler
                0x0000000008001308                EXTI15_10_IRQHandler
                0x0000000008001308                EXTI9_5_IRQHandler
                0x0000000008001308                SPI2_IRQHandler
                0x0000000008001308                DMA1_Channel5_IRQHandler
                0x0000000008001308                EXTI4_IRQHandler
                0x0000000008001308                USB_LP_CAN1_RX0_IRQHandler
                0x0000000008001308                USB_HP_CAN1_TX_IRQHandler
                0x0000000008001308                DMA1_Channel3_IRQHandler
                0x0000000008001308                TIM1_UP_IRQHandler
                0x0000000008001308                WWDG_IRQHandler
                0x0000000008001308                TIM2_IRQHandler
                0x0000000008001308                TIM1_BRK_IRQHandler
                0x0000000008001308                EXTI1_IRQHandler
                0x0000000008001308                USART2_IRQHandler
                0x0000000008001308                I2C2_ER_IRQHandler
                0x0000000008001308                DMA1_Channel2_IRQHandler
                0x0000000008001308                CAN1_SCE_IRQHandler
                0x0000000008001308                FLASH_IRQHandler
                0x0000000008001308                USART1_IRQHandler
                0x0000000008001308                I2C1_ER_IRQHandler
                0x0000000008001308                USBWakeUp_IRQHandler
 *fill*         0x000000000800130a        0x2 
 .text.__libc_init_array
                0x000000000800130c       0x48 /opt/arm-gnu-toolchain-12.2.rel1-x86_64-arm-none-eabi/bin/../lib/gcc/arm-none-eabi/12.2.1/../../../../arm-none-eabi/lib/thumb/v7-m/nofp/libc_nano.a(libc_a-init.o)
                0x000000000800130c                __libc_init_array
 .text.memset   0x0000000008001354       0x10 /opt/arm-gnu-toolchain-12.2.rel1-x86_64-arm-none-eabi/bin/../lib/gcc/arm-none-eabi/12.2.1/../../../../arm-none-eabi/lib/thumb/v7-m/nofp/libc_nano.a(libc_a-memset.o)
                0x0000000008001354                memset
 *(.glue_7)
 .glue_7        0x0000000008001364        0x0 linker stubs
 *(.glue_7t)
 .glue_7t       0x0000000008001364        0x0 linker stubs
 *(.eh_frame)
 .eh_frame      0x0000000008001364        0x0 /opt/arm-gnu-toolchain-12.2.rel1-x86_64-arm-none-eabi/bin/../lib/gcc/arm-none-eabi/12.2.1/thumb/v7-m/nofp/crtbegin.o
 *(.init)
 .init          0x0000000008001364        0x4 /opt/arm-gnu-toolchain-12.2.rel1-x86_64-arm-none-eabi/bin/../lib/gcc/arm-none-eabi/12.2.1/thumb/v7-m/nofp/crti.o
                0x0000000008001364                _init
 .init          0x0000000008001368        0x8 /opt/arm-gnu-toolchain-12.2.rel1-x86_64-arm-none-eabi/bin/../lib/gcc/arm-none-eabi/12.2.1/thumb/v7-m/nofp/crtn.o
 *(.fini)
 .fini          0x0000000008001370        0x4 /opt/arm-gnu-toolchain-12.2.rel1-x86_64-arm-none-eabi/bin/../lib/gcc/arm-none-eabi/12.2.1/thumb/v7-m/nofp/crti.o
                0x0000000008001370                _fini
 .fini          0x0000000008001374        0x8 /opt/arm-gnu-toolchain-12.2.rel1-x86_64-arm-none-eabi/bin/../lib/gcc/arm-none-eabi/12.2.1/thumb/v7-m/nofp/crtn.o
                0x000000000800137c                . = ALIGN (0x4)
                0x000000000800137c                _etext = .

.vfp11_veneer   0x000000000800137c        0x0
 .vfp11_veneer  0x000000000800137c        0x0 linker stubs

.v4_bx          0x000000000800137c        0x0
 .v4_bx         0x000000000800137c        0x0 linker stubs

.iplt           0x000000000800137c        0x0
 .iplt          0x000000000800137c        0x0 /opt/arm-gnu-toolchain-12.2.rel1-x86_64-arm-none-eabi/bin/../lib/gcc/arm-none-eabi/12.2.1/thumb/v7-m/nofp/crtbegin.o

.rodata         0x000000000800137c       0x28
                0x000000000800137c                . = ALIGN (0x4)
 *(.rodata)
 .rodata        0x000000000800137c        0x8 build/main.o
 .rodata        0x0000000008001384       0x10 build/stm32f1xx_hal_rcc.o
 *(.rodata*)
 .rodata.AHBPrescTable
                0x0000000008001394       0x10 build/system_stm32f1xx.o
                0x0000000008001394                AHBPrescTable
                0x00000000080013a4                . = ALIGN (0x4)

.rel.dyn        0x00000000080013a4        0x0
 .rel.iplt      0x00000000080013a4        0x0 /opt/arm-gnu-toolchain-12.2.rel1-x86_64-arm-none-eabi/bin/../lib/gcc/arm-none-eabi/12.2.1/thumb/v7-m/nofp/crtbegin.o

.ARM.extab
 *(.ARM.extab* .gnu.linkonce.armextab.*)

.ARM            0x00000000080013a4        0x0
                0x00000000080013a4                __exidx_start = .
 *(.ARM.exidx*)
                0x00000000080013a4                __exidx_end = .

.preinit_array  0x00000000080013a4        0x0
                0x00000000080013a4                PROVIDE (__preinit_array_start = .)
 *(.preinit_array*)
                0x00000000080013a4                PROVIDE (__preinit_array_end = .)

.init_array     0x00000000080013a4        0x4
                0x00000000080013a4                PROVIDE (__init_array_start = .)
 *(SORT_BY_NAME(.init_array.*))
 *(.init_array*)
 .init_array    0x00000000080013a4        0x4 /opt/arm-gnu-toolchain-12.2.rel1-x86_64-arm-none-eabi/bin/../lib/gcc/arm-none-eabi/12.2.1/thumb/v7-m/nofp/crtbegin.o
                0x00000000080013a8                PROVIDE (__init_array_end = .)

.fini_array     0x00000000080013a8        0x4
                [!provide]                        PROVIDE (__fini_array_start = .)
 *(SORT_BY_NAME(.fini_array.*))
 *(.fini_array*)
 .fini_array    0x00000000080013a8        0x4 /opt/arm-gnu-toolchain-12.2.rel1-x86_64-arm-none-eabi/bin/../lib/gcc/arm-none-eabi/12.2.1/thumb/v7-m/nofp/crtbegin.o
                [!provide]                        PROVIDE (__fini_array_end = .)
                0x00000000080013ac                _sidata = LOADADDR (.data)

.data           0x0000000020000000        0xc load address 0x00000000080013ac
                0x0000000020000000                . = ALIGN (0x4)
                0x0000000020000000                _sdata = .
 *(.data)
 *(.data*)
 .data.uwTickPrio
                0x0000000020000000        0x4 build/stm32f1xx_hal.o
                0x0000000020000000                uwTickPrio
 .data.uwTickFreq
                0x0000000020000004        0x1 build/stm32f1xx_hal.o
                0x0000000020000004                uwTickFreq
 *fill*         0x0000000020000005        0x3 
 .data.SystemCoreClock
                0x0000000020000008        0x4 build/system_stm32f1xx.o
                0x0000000020000008                SystemCoreClock
                0x000000002000000c                . = ALIGN (0x4)
                0x000000002000000c                _edata = .

.tm_clone_table
                0x000000002000000c        0x0 load address 0x00000000080013b8
 .tm_clone_table
                0x000000002000000c        0x0 /opt/arm-gnu-toolchain-12.2.rel1-x86_64-arm-none-eabi/bin/../lib/gcc/arm-none-eabi/12.2.1/thumb/v7-m/nofp/crtbegin.o
 .tm_clone_table
                0x000000002000000c        0x0 /opt/arm-gnu-toolchain-12.2.rel1-x86_64-arm-none-eabi/bin/../lib/gcc/arm-none-eabi/12.2.1/thumb/v7-m/nofp/crtend.o

.igot.plt       0x000000002000000c        0x0 load address 0x00000000080013b8
 .igot.plt      0x000000002000000c        0x0 /opt/arm-gnu-toolchain-12.2.rel1-x86_64-arm-none-eabi/bin/../lib/gcc/arm-none-eabi/12.2.1/thumb/v7-m/nofp/crtbegin.o
                0x000000002000000c                . = ALIGN (0x4)

.bss            0x000000002000000c       0x20 load address 0x00000000080013b8
                0x000000002000000c                _sbss = .
                0x000000002000000c                __bss_start__ = _sbss
 *(.bss)
 *(.bss*)
 .bss.completed.1
                0x000000002000000c        0x1 /opt/arm-gnu-toolchain-12.2.rel1-x86_64-arm-none-eabi/bin/../lib/gcc/arm-none-eabi/12.2.1/thumb/v7-m/nofp/crtbegin.o
 *fill*         0x000000002000000d        0x3 
 .bss.object.0  0x0000000020000010       0x18 /opt/arm-gnu-toolchain-12.2.rel1-x86_64-arm-none-eabi/bin/../lib/gcc/arm-none-eabi/12.2.1/thumb/v7-m/nofp/crtbegin.o
 .bss.uwTick    0x0000000020000028        0x4 build/stm32f1xx_hal.o
                0x0000000020000028                uwTick
 *(COMMON)
                0x000000002000002c                . = ALIGN (0x4)
                0x000000002000002c                _ebss = .
                0x000000002000002c                __bss_end__ = _ebss

._user_heap_stack
                0x000000002000002c      0x604 load address 0x00000000080013b8
                0x0000000020000030                . = ALIGN (0x8)
 *fill*         0x000000002000002c        0x4 
                0x0000000020000030                PROVIDE (end = .)
                [!provide]                        PROVIDE (_end = .)
                0x0000000020000230                . = (. + _Min_Heap_Size)
 *fill*         0x0000000020000030      0x200 
                0x0000000020000630                . = (. + _Min_Stack_Size)
 *fill*         0x0000000020000230      0x400 
                0x0000000020000630                . = ALIGN (0x8)

/DISCARD/
 libc.a(*)
 libm.a(*)
 libgcc.a(*)

.ARM.attributes
                0x0000000000000000       0x29
 *(.ARM.attributes)
 .ARM.attributes
                0x0000000000000000       0x1d /opt/arm-gnu-toolchain-12.2.rel1-x86_64-arm-none-eabi/bin/../lib/gcc/arm-none-eabi/12.2.1/thumb/v7-m/nofp/crti.o
 .ARM.attributes
                0x000000000000001d       0x2d /opt/arm-gnu-toolchain-12.2.rel1-x86_64-arm-none-eabi/bin/../lib/gcc/arm-none-eabi/12.2.1/thumb/v7-m/nofp/crtbegin.o
 .ARM.attributes
                0x000000000000004a       0x2d build/main.o
 .ARM.attributes
                0x0000000000000077       0x2d build/stm32f1xx_it.o
 .ARM.attributes
                0x00000000000000a4       0x2d build/stm32f1xx_hal_msp.o
 .ARM.attributes
                0x00000000000000d1       0x2d build/stm32f1xx_hal.o
 .ARM.attributes
                0x00000000000000fe       0x2d build/stm32f1xx_hal_rcc.o
 .ARM.attributes
                0x000000000000012b       0x2d build/stm32f1xx_hal_gpio.o
 .ARM.attributes
                0x0000000000000158       0x2d build/stm32f1xx_hal_cortex.o
 .ARM.attributes
                0x0000000000000185       0x2d build/system_stm32f1xx.o
 .ARM.attributes
                0x00000000000001b2       0x21 build/startup_stm32f103xb.o
 .ARM.attributes
                0x00000000000001d3       0x2d /opt/arm-gnu-toolchain-12.2.rel1-x86_64-arm-none-eabi/bin/../lib/gcc/arm-none-eabi/12.2.1/../../../../arm-none-eabi/lib/thumb/v7-m/nofp/libc_nano.a(libc_a-init.o)
 .ARM.attributes
                0x0000000000000200       0x2d /opt/arm-gnu-toolchain-12.2.rel1-x86_64-arm-none-eabi/bin/../lib/gcc/arm-none-eabi/12.2.1/../../../../arm-none-eabi/lib/thumb/v7-m/nofp/libc_nano.a(libc_a-memset.o)
 .ARM.attributes
                0x000000000000022d       0x2d /opt/arm-gnu-toolchain-12.2.rel1-x86_64-arm-none-eabi/bin/../lib/gcc/arm-none-eabi/12.2.1/thumb/v7-m/nofp/crtend.o
 .ARM.attributes
                0x000000000000025a       0x1d /opt/arm-gnu-toolchain-12.2.rel1-x86_64-arm-none-eabi/bin/../lib/gcc/arm-none-eabi/12.2.1/thumb/v7-m/nofp/crtn.o
OUTPUT(build/hellobluepill2022STM32F103C8Tx.elf elf32-littlearm)
LOAD linker stubs
LOAD /opt/arm-gnu-toolchain-12.2.rel1-x86_64-arm-none-eabi/bin/../lib/gcc/arm-none-eabi/12.2.1/../../../../arm-none-eabi/lib/thumb/v7-m/nofp/libc.a
LOAD /opt/arm-gnu-toolchain-12.2.rel1-x86_64-arm-none-eabi/bin/../lib/gcc/arm-none-eabi/12.2.1/../../../../arm-none-eabi/lib/thumb/v7-m/nofp/libm.a
LOAD /opt/arm-gnu-toolchain-12.2.rel1-x86_64-arm-none-eabi/bin/../lib/gcc/arm-none-eabi/12.2.1/thumb/v7-m/nofp/libgcc.a

.debug_info     0x0000000000000000     0x2ff9
 .debug_info    0x0000000000000000      0x667 build/main.o
 .debug_info    0x0000000000000667      0x152 build/stm32f1xx_it.o
 .debug_info    0x00000000000007b9      0x233 build/stm32f1xx_hal_msp.o
 .debug_info    0x00000000000009ec      0x7f4 build/stm32f1xx_hal.o
 .debug_info    0x00000000000011e0      0x916 build/stm32f1xx_hal_rcc.o
 .debug_info    0x0000000000001af6      0x67d build/stm32f1xx_hal_gpio.o
 .debug_info    0x0000000000002173      0xbf5 build/stm32f1xx_hal_cortex.o
 .debug_info    0x0000000000002d68      0x261 build/system_stm32f1xx.o
 .debug_info    0x0000000000002fc9       0x30 build/startup_stm32f103xb.o

.debug_abbrev   0x0000000000000000      0xe04
 .debug_abbrev  0x0000000000000000      0x242 build/main.o
 .debug_abbrev  0x0000000000000242       0x73 build/stm32f1xx_it.o
 .debug_abbrev  0x00000000000002b5       0xd3 build/stm32f1xx_hal_msp.o
 .debug_abbrev  0x0000000000000388      0x1fa build/stm32f1xx_hal.o
 .debug_abbrev  0x0000000000000582      0x2a7 build/stm32f1xx_hal_rcc.o
 .debug_abbrev  0x0000000000000829      0x1ba build/stm32f1xx_hal_gpio.o
 .debug_abbrev  0x00000000000009e3      0x2ca build/stm32f1xx_hal_cortex.o
 .debug_abbrev  0x0000000000000cad      0x13a build/system_stm32f1xx.o
 .debug_abbrev  0x0000000000000de7       0x1d build/startup_stm32f103xb.o

.debug_loc      0x0000000000000000     0x1ace
 .debug_loc     0x0000000000000000      0x156 build/main.o
 .debug_loc     0x0000000000000156      0x1d4 build/stm32f1xx_it.o
 .debug_loc     0x000000000000032a       0x5c build/stm32f1xx_hal_msp.o
 .debug_loc     0x0000000000000386      0x698 build/stm32f1xx_hal.o
 .debug_loc     0x0000000000000a1e      0x444 build/stm32f1xx_hal_rcc.o
 .debug_loc     0x0000000000000e62      0x2d4 build/stm32f1xx_hal_gpio.o
 .debug_loc     0x0000000000001136      0x8f8 build/stm32f1xx_hal_cortex.o
 .debug_loc     0x0000000000001a2e       0xa0 build/system_stm32f1xx.o

.debug_aranges  0x0000000000000000      0x3d8
 .debug_aranges
                0x0000000000000000       0x40 build/main.o
 .debug_aranges
                0x0000000000000040       0x60 build/stm32f1xx_it.o
 .debug_aranges
                0x00000000000000a0       0x20 build/stm32f1xx_hal_msp.o
 .debug_aranges
                0x00000000000000c0       0xe0 build/stm32f1xx_hal.o
 .debug_aranges
                0x00000000000001a0       0x90 build/stm32f1xx_hal_rcc.o
 .debug_aranges
                0x0000000000000230       0x58 build/stm32f1xx_hal_gpio.o
 .debug_aranges
                0x0000000000000288      0x100 build/stm32f1xx_hal_cortex.o
 .debug_aranges
                0x0000000000000388       0x28 build/system_stm32f1xx.o
 .debug_aranges
                0x00000000000003b0       0x28 build/startup_stm32f103xb.o

.debug_ranges   0x0000000000000000      0x350
 .debug_ranges  0x0000000000000000       0x30 build/main.o
 .debug_ranges  0x0000000000000030       0x50 build/stm32f1xx_it.o
 .debug_ranges  0x0000000000000080       0x10 build/stm32f1xx_hal_msp.o
 .debug_ranges  0x0000000000000090       0xd0 build/stm32f1xx_hal.o
 .debug_ranges  0x0000000000000160       0x80 build/stm32f1xx_hal_rcc.o
 .debug_ranges  0x00000000000001e0       0x48 build/stm32f1xx_hal_gpio.o
 .debug_ranges  0x0000000000000228       0xf0 build/stm32f1xx_hal_cortex.o
 .debug_ranges  0x0000000000000318       0x18 build/system_stm32f1xx.o
 .debug_ranges  0x0000000000000330       0x20 build/startup_stm32f103xb.o

.debug_line     0x0000000000000000     0x20dc
 .debug_line    0x0000000000000000      0x33e build/main.o
 .debug_line    0x000000000000033e      0x13a build/stm32f1xx_it.o
 .debug_line    0x0000000000000478      0x157 build/stm32f1xx_hal_msp.o
 .debug_line    0x00000000000005cf      0x4aa build/stm32f1xx_hal.o
 .debug_line    0x0000000000000a79      0x8cf build/stm32f1xx_hal_rcc.o
 .debug_line    0x0000000000001348      0x4f2 build/stm32f1xx_hal_gpio.o
 .debug_line    0x000000000000183a      0x62a build/stm32f1xx_hal_cortex.o
 .debug_line    0x0000000000001e64      0x203 build/system_stm32f1xx.o
 .debug_line    0x0000000000002067       0x75 build/startup_stm32f103xb.o

.debug_str      0x0000000000000000     0x1279
 .debug_str     0x0000000000000000      0x41c build/main.o
                                        0x477 (size before relaxing)
 .debug_str     0x000000000000041c       0xb4 build/stm32f1xx_it.o
                                        0x1fd (size before relaxing)
 .debug_str     0x00000000000004d0       0x57 build/stm32f1xx_hal_msp.o
                                        0x1fa (size before relaxing)
 .debug_str     0x0000000000000527      0x5f3 build/stm32f1xx_hal.o
                                        0x809 (size before relaxing)
 .debug_str     0x0000000000000b1a      0x20d build/stm32f1xx_hal_rcc.o
                                        0x606 (size before relaxing)
 .debug_str     0x0000000000000d27      0x119 build/stm32f1xx_hal_gpio.o
                                        0x3db (size before relaxing)
 .debug_str     0x0000000000000e40      0x3b8 build/stm32f1xx_hal_cortex.o
                                        0x8ae (size before relaxing)
 .debug_str     0x00000000000011f8       0x4f build/system_stm32f1xx.o
                                        0x22f (size before relaxing)
 .debug_str     0x0000000000001247       0x32 build/startup_stm32f103xb.o
                                         0x66 (size before relaxing)

.comment        0x0000000000000000       0x45
 .comment       0x0000000000000000       0x45 build/main.o
                                         0x46 (size before relaxing)
 .comment       0x0000000000000045       0x46 build/stm32f1xx_it.o
 .comment       0x0000000000000045       0x46 build/stm32f1xx_hal_msp.o
 .comment       0x0000000000000045       0x46 build/stm32f1xx_hal.o
 .comment       0x0000000000000045       0x46 build/stm32f1xx_hal_rcc.o
 .comment       0x0000000000000045       0x46 build/stm32f1xx_hal_gpio.o
 .comment       0x0000000000000045       0x46 build/stm32f1xx_hal_cortex.o
 .comment       0x0000000000000045       0x46 build/system_stm32f1xx.o

.debug_frame    0x0000000000000000      0xd58
 .debug_frame   0x0000000000000000       0xb4 build/main.o
 .debug_frame   0x00000000000000b4      0x104 build/stm32f1xx_it.o
 .debug_frame   0x00000000000001b8       0x38 build/stm32f1xx_hal_msp.o
 .debug_frame   0x00000000000001f0      0x334 build/stm32f1xx_hal.o
 .debug_frame   0x0000000000000524      0x21c build/stm32f1xx_hal_rcc.o
 .debug_frame   0x0000000000000740      0x14c build/stm32f1xx_hal_gpio.o
 .debug_frame   0x000000000000088c      0x428 build/stm32f1xx_hal_cortex.o
 .debug_frame   0x0000000000000cb4       0x58 build/system_stm32f1xx.o
 .debug_frame   0x0000000000000d0c       0x2c /opt/arm-gnu-toolchain-12.2.rel1-x86_64-arm-none-eabi/bin/../lib/gcc/arm-none-eabi/12.2.1/../../../../arm-none-eabi/lib/thumb/v7-m/nofp/libc_nano.a(libc_a-init.o)
 .debug_frame   0x0000000000000d38       0x20 /opt/arm-gnu-toolchain-12.2.rel1-x86_64-arm-none-eabi/bin/../lib/gcc/arm-none-eabi/12.2.1/../../../../arm-none-eabi/lib/thumb/v7-m/nofp/libc_nano.a(libc_a-memset.o)

Cross Reference Table

Symbol                                            File
ADC1_2_IRQHandler                                 build/startup_stm32f103xb.o
AHBPrescTable                                     build/system_stm32f1xx.o
                                                  build/stm32f1xx_hal_rcc.o
APBPrescTable                                     build/system_stm32f1xx.o
                                                  build/stm32f1xx_hal_rcc.o
BusFault_Handler                                  build/stm32f1xx_it.o
CAN1_RX1_IRQHandler                               build/startup_stm32f103xb.o
CAN1_SCE_IRQHandler                               build/startup_stm32f103xb.o
DMA1_Channel1_IRQHandler                          build/startup_stm32f103xb.o
DMA1_Channel2_IRQHandler                          build/startup_stm32f103xb.o
DMA1_Channel3_IRQHandler                          build/startup_stm32f103xb.o
DMA1_Channel4_IRQHandler                          build/startup_stm32f103xb.o
DMA1_Channel5_IRQHandler                          build/startup_stm32f103xb.o
DMA1_Channel6_IRQHandler                          build/startup_stm32f103xb.o
DMA1_Channel7_IRQHandler                          build/startup_stm32f103xb.o
DebugMon_Handler                                  build/stm32f1xx_it.o
Default_Handler                                   build/startup_stm32f103xb.o
EXTI0_IRQHandler                                  build/startup_stm32f103xb.o
EXTI15_10_IRQHandler                              build/startup_stm32f103xb.o
EXTI1_IRQHandler                                  build/startup_stm32f103xb.o
EXTI2_IRQHandler                                  build/startup_stm32f103xb.o
EXTI3_IRQHandler                                  build/startup_stm32f103xb.o
EXTI4_IRQHandler                                  build/startup_stm32f103xb.o
EXTI9_5_IRQHandler                                build/startup_stm32f103xb.o
Error_Handler                                     build/main.o
FLASH_IRQHandler                                  build/startup_stm32f103xb.o
FLASH_PageErase                                   build/stm32f1xx_hal_flash_ex.o
                                                  build/stm32f1xx_hal_flash.o
FLASH_WaitForLastOperation                        build/stm32f1xx_hal_flash.o
                                                  build/stm32f1xx_hal_flash_ex.o
HAL_DBGMCU_DisableDBGSleepMode                    build/stm32f1xx_hal.o
HAL_DBGMCU_DisableDBGStandbyMode                  build/stm32f1xx_hal.o
HAL_DBGMCU_DisableDBGStopMode                     build/stm32f1xx_hal.o
HAL_DBGMCU_EnableDBGSleepMode                     build/stm32f1xx_hal.o
HAL_DBGMCU_EnableDBGStandbyMode                   build/stm32f1xx_hal.o
HAL_DBGMCU_EnableDBGStopMode                      build/stm32f1xx_hal.o
HAL_DMA_Abort                                     build/stm32f1xx_hal_dma.o
HAL_DMA_Abort_IT                                  build/stm32f1xx_hal_dma.o
HAL_DMA_DeInit                                    build/stm32f1xx_hal_dma.o
HAL_DMA_GetError                                  build/stm32f1xx_hal_dma.o
HAL_DMA_GetState                                  build/stm32f1xx_hal_dma.o
HAL_DMA_IRQHandler                                build/stm32f1xx_hal_dma.o
HAL_DMA_Init                                      build/stm32f1xx_hal_dma.o
HAL_DMA_PollForTransfer                           build/stm32f1xx_hal_dma.o
HAL_DMA_RegisterCallback                          build/stm32f1xx_hal_dma.o
HAL_DMA_Start                                     build/stm32f1xx_hal_dma.o
HAL_DMA_Start_IT                                  build/stm32f1xx_hal_dma.o
HAL_DMA_UnRegisterCallback                        build/stm32f1xx_hal_dma.o
HAL_DeInit                                        build/stm32f1xx_hal.o
HAL_Delay                                         build/stm32f1xx_hal.o
                                                  build/main.o
HAL_EXTI_ClearConfigLine                          build/stm32f1xx_hal_exti.o
HAL_EXTI_ClearPending                             build/stm32f1xx_hal_exti.o
HAL_EXTI_GenerateSWI                              build/stm32f1xx_hal_exti.o
HAL_EXTI_GetConfigLine                            build/stm32f1xx_hal_exti.o
HAL_EXTI_GetHandle                                build/stm32f1xx_hal_exti.o
HAL_EXTI_GetPending                               build/stm32f1xx_hal_exti.o
HAL_EXTI_IRQHandler                               build/stm32f1xx_hal_exti.o
HAL_EXTI_RegisterCallback                         build/stm32f1xx_hal_exti.o
HAL_EXTI_SetConfigLine                            build/stm32f1xx_hal_exti.o
HAL_FLASHEx_Erase                                 build/stm32f1xx_hal_flash_ex.o
HAL_FLASHEx_Erase_IT                              build/stm32f1xx_hal_flash_ex.o
HAL_FLASHEx_OBErase                               build/stm32f1xx_hal_flash_ex.o
HAL_FLASHEx_OBGetConfig                           build/stm32f1xx_hal_flash_ex.o
HAL_FLASHEx_OBGetUserData                         build/stm32f1xx_hal_flash_ex.o
HAL_FLASHEx_OBProgram                             build/stm32f1xx_hal_flash_ex.o
HAL_FLASH_EndOfOperationCallback                  build/stm32f1xx_hal_flash.o
HAL_FLASH_GetError                                build/stm32f1xx_hal_flash.o
HAL_FLASH_IRQHandler                              build/stm32f1xx_hal_flash.o
HAL_FLASH_Lock                                    build/stm32f1xx_hal_flash.o
HAL_FLASH_OB_Launch                               build/stm32f1xx_hal_flash.o
HAL_FLASH_OB_Lock                                 build/stm32f1xx_hal_flash.o
HAL_FLASH_OB_Unlock                               build/stm32f1xx_hal_flash.o
HAL_FLASH_OperationErrorCallback                  build/stm32f1xx_hal_flash.o
HAL_FLASH_Program                                 build/stm32f1xx_hal_flash.o
HAL_FLASH_Program_IT                              build/stm32f1xx_hal_flash.o
HAL_FLASH_Unlock                                  build/stm32f1xx_hal_flash.o
HAL_GPIOEx_ConfigEventout                         build/stm32f1xx_hal_gpio_ex.o
HAL_GPIOEx_DisableEventout                        build/stm32f1xx_hal_gpio_ex.o
HAL_GPIOEx_EnableEventout                         build/stm32f1xx_hal_gpio_ex.o
HAL_GPIO_DeInit                                   build/stm32f1xx_hal_gpio.o
HAL_GPIO_EXTI_Callback                            build/stm32f1xx_hal_gpio.o
HAL_GPIO_EXTI_IRQHandler                          build/stm32f1xx_hal_gpio.o
HAL_GPIO_Init                                     build/stm32f1xx_hal_gpio.o
                                                  build/stm32f1xx_hal_rcc.o
                                                  build/main.o
HAL_GPIO_LockPin                                  build/stm32f1xx_hal_gpio.o
HAL_GPIO_ReadPin                                  build/stm32f1xx_hal_gpio.o
HAL_GPIO_TogglePin                                build/stm32f1xx_hal_gpio.o
HAL_GPIO_WritePin                                 build/stm32f1xx_hal_gpio.o
                                                  build/main.o
HAL_GetDEVID                                      build/stm32f1xx_hal.o
HAL_GetHalVersion                                 build/stm32f1xx_hal.o
HAL_GetREVID                                      build/stm32f1xx_hal.o
HAL_GetTick                                       build/stm32f1xx_hal.o
                                                  build/stm32f1xx_hal_flash.o
                                                  build/stm32f1xx_hal_dma.o
                                                  build/stm32f1xx_hal_rcc_ex.o
                                                  build/stm32f1xx_hal_rcc.o
HAL_GetTickFreq                                   build/stm32f1xx_hal.o
HAL_GetTickPrio                                   build/stm32f1xx_hal.o
HAL_GetUIDw0                                      build/stm32f1xx_hal.o
HAL_GetUIDw1                                      build/stm32f1xx_hal.o
HAL_GetUIDw2                                      build/stm32f1xx_hal.o
HAL_IncTick                                       build/stm32f1xx_hal.o
                                                  build/stm32f1xx_it.o
HAL_Init                                          build/stm32f1xx_hal.o
                                                  build/main.o
HAL_InitTick                                      build/stm32f1xx_hal.o
                                                  build/stm32f1xx_hal_rcc.o
HAL_MspDeInit                                     build/stm32f1xx_hal.o
HAL_MspInit                                       build/stm32f1xx_hal_msp.o
HAL_NVIC_ClearPendingIRQ                          build/stm32f1xx_hal_cortex.o
HAL_NVIC_DisableIRQ                               build/stm32f1xx_hal_cortex.o
HAL_NVIC_EnableIRQ                                build/stm32f1xx_hal_cortex.o
HAL_NVIC_GetActive                                build/stm32f1xx_hal_cortex.o
HAL_NVIC_GetPendingIRQ                            build/stm32f1xx_hal_cortex.o
HAL_NVIC_GetPriority                              build/stm32f1xx_hal_cortex.o
HAL_NVIC_GetPriorityGrouping                      build/stm32f1xx_hal_cortex.o
HAL_NVIC_SetPendingIRQ                            build/stm32f1xx_hal_cortex.o
HAL_NVIC_SetPriority                              build/stm32f1xx_hal_cortex.o
                                                  build/stm32f1xx_hal.o
HAL_NVIC_SetPriorityGrouping                      build/stm32f1xx_hal_cortex.o
                                                  build/stm32f1xx_hal.o
HAL_NVIC_SystemReset                              build/stm32f1xx_hal_cortex.o
                                                  build/stm32f1xx_hal_flash.o
HAL_PWR_ConfigPVD                                 build/stm32f1xx_hal_pwr.o
HAL_PWR_DeInit                                    build/stm32f1xx_hal_pwr.o
HAL_PWR_DisableBkUpAccess                         build/stm32f1xx_hal_pwr.o
HAL_PWR_DisablePVD                                build/stm32f1xx_hal_pwr.o
HAL_PWR_DisableSEVOnPend                          build/stm32f1xx_hal_pwr.o
HAL_PWR_DisableSleepOnExit                        build/stm32f1xx_hal_pwr.o
HAL_PWR_DisableWakeUpPin                          build/stm32f1xx_hal_pwr.o
HAL_PWR_EnableBkUpAccess                          build/stm32f1xx_hal_pwr.o
HAL_PWR_EnablePVD                                 build/stm32f1xx_hal_pwr.o
HAL_PWR_EnableSEVOnPend                           build/stm32f1xx_hal_pwr.o
HAL_PWR_EnableSleepOnExit                         build/stm32f1xx_hal_pwr.o
HAL_PWR_EnableWakeUpPin                           build/stm32f1xx_hal_pwr.o
HAL_PWR_EnterSLEEPMode                            build/stm32f1xx_hal_pwr.o
HAL_PWR_EnterSTANDBYMode                          build/stm32f1xx_hal_pwr.o
HAL_PWR_EnterSTOPMode                             build/stm32f1xx_hal_pwr.o
HAL_PWR_PVDCallback                               build/stm32f1xx_hal_pwr.o
HAL_PWR_PVD_IRQHandler                            build/stm32f1xx_hal_pwr.o
HAL_RCCEx_GetPeriphCLKConfig                      build/stm32f1xx_hal_rcc_ex.o
HAL_RCCEx_GetPeriphCLKFreq                        build/stm32f1xx_hal_rcc_ex.o
HAL_RCCEx_PeriphCLKConfig                         build/stm32f1xx_hal_rcc_ex.o
HAL_RCC_CSSCallback                               build/stm32f1xx_hal_rcc.o
HAL_RCC_ClockConfig                               build/stm32f1xx_hal_rcc.o
                                                  build/main.o
HAL_RCC_DeInit                                    build/stm32f1xx_hal_rcc.o
HAL_RCC_DisableCSS                                build/stm32f1xx_hal_rcc.o
HAL_RCC_EnableCSS                                 build/stm32f1xx_hal_rcc.o
HAL_RCC_GetClockConfig                            build/stm32f1xx_hal_rcc.o
HAL_RCC_GetHCLKFreq                               build/stm32f1xx_hal_rcc.o
HAL_RCC_GetOscConfig                              build/stm32f1xx_hal_rcc.o
HAL_RCC_GetPCLK1Freq                              build/stm32f1xx_hal_rcc.o
HAL_RCC_GetPCLK2Freq                              build/stm32f1xx_hal_rcc.o
                                                  build/stm32f1xx_hal_rcc_ex.o
HAL_RCC_GetSysClockFreq                           build/stm32f1xx_hal_rcc.o
HAL_RCC_MCOConfig                                 build/stm32f1xx_hal_rcc.o
HAL_RCC_NMI_IRQHandler                            build/stm32f1xx_hal_rcc.o
HAL_RCC_OscConfig                                 build/stm32f1xx_hal_rcc.o
                                                  build/main.o
HAL_ResumeTick                                    build/stm32f1xx_hal.o
HAL_SYSTICK_CLKSourceConfig                       build/stm32f1xx_hal_cortex.o
HAL_SYSTICK_Callback                              build/stm32f1xx_hal_cortex.o
HAL_SYSTICK_Config                                build/stm32f1xx_hal_cortex.o
                                                  build/stm32f1xx_hal.o
HAL_SYSTICK_IRQHandler                            build/stm32f1xx_hal_cortex.o
HAL_SetTickFreq                                   build/stm32f1xx_hal.o
HAL_SuspendTick                                   build/stm32f1xx_hal.o
HardFault_Handler                                 build/stm32f1xx_it.o
I2C1_ER_IRQHandler                                build/startup_stm32f103xb.o
I2C1_EV_IRQHandler                                build/startup_stm32f103xb.o
I2C2_ER_IRQHandler                                build/startup_stm32f103xb.o
I2C2_EV_IRQHandler                                build/startup_stm32f103xb.o
MemManage_Handler                                 build/stm32f1xx_it.o
NMI_Handler                                       build/stm32f1xx_it.o
PVD_IRQHandler                                    build/startup_stm32f103xb.o
PendSV_Handler                                    build/stm32f1xx_it.o
RCC_IRQHandler                                    build/startup_stm32f103xb.o
RTC_Alarm_IRQHandler                              build/startup_stm32f103xb.o
RTC_IRQHandler                                    build/startup_stm32f103xb.o
Reset_Handler                                     build/startup_stm32f103xb.o
SPI1_IRQHandler                                   build/startup_stm32f103xb.o
SPI2_IRQHandler                                   build/startup_stm32f103xb.o
SVC_Handler                                       build/stm32f1xx_it.o
SysTick_Handler                                   build/stm32f1xx_it.o
SystemClock_Config                                build/main.o
SystemCoreClock                                   build/system_stm32f1xx.o
                                                  build/stm32f1xx_hal_rcc.o
                                                  build/stm32f1xx_hal.o
SystemCoreClockUpdate                             build/system_stm32f1xx.o
SystemInit                                        build/system_stm32f1xx.o
                                                  build/startup_stm32f103xb.o
TAMPER_IRQHandler                                 build/startup_stm32f103xb.o
TIM1_BRK_IRQHandler                               build/startup_stm32f103xb.o
TIM1_CC_IRQHandler                                build/startup_stm32f103xb.o
TIM1_TRG_COM_IRQHandler                           build/startup_stm32f103xb.o
TIM1_UP_IRQHandler                                build/startup_stm32f103xb.o
TIM2_IRQHandler                                   build/startup_stm32f103xb.o
TIM3_IRQHandler                                   build/startup_stm32f103xb.o
TIM4_IRQHandler                                   build/startup_stm32f103xb.o
USART1_IRQHandler                                 build/startup_stm32f103xb.o
USART2_IRQHandler                                 build/startup_stm32f103xb.o
USART3_IRQHandler                                 build/startup_stm32f103xb.o
USBWakeUp_IRQHandler                              build/startup_stm32f103xb.o
USB_HP_CAN1_TX_IRQHandler                         build/startup_stm32f103xb.o
USB_LP_CAN1_RX0_IRQHandler                        build/startup_stm32f103xb.o
UsageFault_Handler                                build/stm32f1xx_it.o
WWDG_IRQHandler                                   build/startup_stm32f103xb.o
_ITM_deregisterTMCloneTable                       /opt/arm-gnu-toolchain-12.2.rel1-x86_64-arm-none-eabi/bin/../lib/gcc/arm-none-eabi/12.2.1/thumb/v7-m/nofp/crtbegin.o
_ITM_registerTMCloneTable                         /opt/arm-gnu-toolchain-12.2.rel1-x86_64-arm-none-eabi/bin/../lib/gcc/arm-none-eabi/12.2.1/thumb/v7-m/nofp/crtbegin.o
__TMC_END__                                       /opt/arm-gnu-toolchain-12.2.rel1-x86_64-arm-none-eabi/bin/../lib/gcc/arm-none-eabi/12.2.1/thumb/v7-m/nofp/crtend.o
                                                  /opt/arm-gnu-toolchain-12.2.rel1-x86_64-arm-none-eabi/bin/../lib/gcc/arm-none-eabi/12.2.1/thumb/v7-m/nofp/crtbegin.o
__bss_end__                                       /opt/arm-gnu-toolchain-12.2.rel1-x86_64-arm-none-eabi/bin/../lib/gcc/arm-none-eabi/12.2.1/../../../../arm-none-eabi/lib/thumb/v7-m/nofp/crt0.o
__bss_start__                                     /opt/arm-gnu-toolchain-12.2.rel1-x86_64-arm-none-eabi/bin/../lib/gcc/arm-none-eabi/12.2.1/../../../../arm-none-eabi/lib/thumb/v7-m/nofp/crt0.o
__call_exitprocs                                  /opt/arm-gnu-toolchain-12.2.rel1-x86_64-arm-none-eabi/bin/../lib/gcc/arm-none-eabi/12.2.1/../../../../arm-none-eabi/lib/thumb/v7-m/nofp/libc_nano.a(libc_a-exit.o)
__deregister_frame_info                           /opt/arm-gnu-toolchain-12.2.rel1-x86_64-arm-none-eabi/bin/../lib/gcc/arm-none-eabi/12.2.1/thumb/v7-m/nofp/crtbegin.o
__dso_handle                                      /opt/arm-gnu-toolchain-12.2.rel1-x86_64-arm-none-eabi/bin/../lib/gcc/arm-none-eabi/12.2.1/thumb/v7-m/nofp/crtbegin.o
__fp_lock_all                                     /opt/arm-gnu-toolchain-12.2.rel1-x86_64-arm-none-eabi/bin/../lib/gcc/arm-none-eabi/12.2.1/../../../../arm-none-eabi/lib/thumb/v7-m/nofp/libc_nano.a(libc_a-findfp.o)
__fp_unlock_all                                   /opt/arm-gnu-toolchain-12.2.rel1-x86_64-arm-none-eabi/bin/../lib/gcc/arm-none-eabi/12.2.1/../../../../arm-none-eabi/lib/thumb/v7-m/nofp/libc_nano.a(libc_a-findfp.o)
__init_array_end                                  /opt/arm-gnu-toolchain-12.2.rel1-x86_64-arm-none-eabi/bin/../lib/gcc/arm-none-eabi/12.2.1/../../../../arm-none-eabi/lib/thumb/v7-m/nofp/libc_nano.a(libc_a-init.o)
__init_array_start                                /opt/arm-gnu-toolchain-12.2.rel1-x86_64-arm-none-eabi/bin/../lib/gcc/arm-none-eabi/12.2.1/../../../../arm-none-eabi/lib/thumb/v7-m/nofp/libc_nano.a(libc_a-init.o)
__libc_fini_array                                 /opt/arm-gnu-toolchain-12.2.rel1-x86_64-arm-none-eabi/bin/../lib/gcc/arm-none-eabi/12.2.1/../../../../arm-none-eabi/lib/thumb/v7-m/nofp/crt0.o
__libc_init_array                                 /opt/arm-gnu-toolchain-12.2.rel1-x86_64-arm-none-eabi/bin/../lib/gcc/arm-none-eabi/12.2.1/../../../../arm-none-eabi/lib/thumb/v7-m/nofp/libc_nano.a(libc_a-init.o)
                                                  build/startup_stm32f103xb.o
                                                  /opt/arm-gnu-toolchain-12.2.rel1-x86_64-arm-none-eabi/bin/../lib/gcc/arm-none-eabi/12.2.1/../../../../arm-none-eabi/lib/thumb/v7-m/nofp/crt0.o
__lock___arc4random_mutex                         /opt/arm-gnu-toolchain-12.2.rel1-x86_64-arm-none-eabi/bin/../lib/gcc/arm-none-eabi/12.2.1/../../../../arm-none-eabi/lib/thumb/v7-m/nofp/libc_nano.a(libc_a-lock.o)
__lock___at_quick_exit_mutex                      /opt/arm-gnu-toolchain-12.2.rel1-x86_64-arm-none-eabi/bin/../lib/gcc/arm-none-eabi/12.2.1/../../../../arm-none-eabi/lib/thumb/v7-m/nofp/libc_nano.a(libc_a-lock.o)
__lock___atexit_recursive_mutex                   /opt/arm-gnu-toolchain-12.2.rel1-x86_64-arm-none-eabi/bin/../lib/gcc/arm-none-eabi/12.2.1/../../../../arm-none-eabi/lib/thumb/v7-m/nofp/libc_nano.a(libc_a-lock.o)
__lock___dd_hash_mutex                            /opt/arm-gnu-toolchain-12.2.rel1-x86_64-arm-none-eabi/bin/../lib/gcc/arm-none-eabi/12.2.1/../../../../arm-none-eabi/lib/thumb/v7-m/nofp/libc_nano.a(libc_a-lock.o)
__lock___env_recursive_mutex                      /opt/arm-gnu-toolchain-12.2.rel1-x86_64-arm-none-eabi/bin/../lib/gcc/arm-none-eabi/12.2.1/../../../../arm-none-eabi/lib/thumb/v7-m/nofp/libc_nano.a(libc_a-lock.o)
__lock___malloc_recursive_mutex                   /opt/arm-gnu-toolchain-12.2.rel1-x86_64-arm-none-eabi/bin/../lib/gcc/arm-none-eabi/12.2.1/../../../../arm-none-eabi/lib/thumb/v7-m/nofp/libc_nano.a(libc_a-lock.o)
                                                  /opt/arm-gnu-toolchain-12.2.rel1-x86_64-arm-none-eabi/bin/../lib/gcc/arm-none-eabi/12.2.1/../../../../arm-none-eabi/lib/thumb/v7-m/nofp/libc_nano.a(libc_a-mlock.o)
__lock___sfp_recursive_mutex                      /opt/arm-gnu-toolchain-12.2.rel1-x86_64-arm-none-eabi/bin/../lib/gcc/arm-none-eabi/12.2.1/../../../../arm-none-eabi/lib/thumb/v7-m/nofp/libc_nano.a(libc_a-lock.o)
                                                  /opt/arm-gnu-toolchain-12.2.rel1-x86_64-arm-none-eabi/bin/../lib/gcc/arm-none-eabi/12.2.1/../../../../arm-none-eabi/lib/thumb/v7-m/nofp/libc_nano.a(libc_a-findfp.o)
__lock___tz_mutex                                 /opt/arm-gnu-toolchain-12.2.rel1-x86_64-arm-none-eabi/bin/../lib/gcc/arm-none-eabi/12.2.1/../../../../arm-none-eabi/lib/thumb/v7-m/nofp/libc_nano.a(libc_a-lock.o)
__malloc_free_list                                /opt/arm-gnu-toolchain-12.2.rel1-x86_64-arm-none-eabi/bin/../lib/gcc/arm-none-eabi/12.2.1/../../../../arm-none-eabi/lib/thumb/v7-m/nofp/libc_nano.a(libc_a-mallocr.o)
                                                  /opt/arm-gnu-toolchain-12.2.rel1-x86_64-arm-none-eabi/bin/../lib/gcc/arm-none-eabi/12.2.1/../../../../arm-none-eabi/lib/thumb/v7-m/nofp/libc_nano.a(libc_a-freer.o)
__malloc_lock                                     /opt/arm-gnu-toolchain-12.2.rel1-x86_64-arm-none-eabi/bin/../lib/gcc/arm-none-eabi/12.2.1/../../../../arm-none-eabi/lib/thumb/v7-m/nofp/libc_nano.a(libc_a-mlock.o)
                                                  /opt/arm-gnu-toolchain-12.2.rel1-x86_64-arm-none-eabi/bin/../lib/gcc/arm-none-eabi/12.2.1/../../../../arm-none-eabi/lib/thumb/v7-m/nofp/libc_nano.a(libc_a-freer.o)
                                                  /opt/arm-gnu-toolchain-12.2.rel1-x86_64-arm-none-eabi/bin/../lib/gcc/arm-none-eabi/12.2.1/../../../../arm-none-eabi/lib/thumb/v7-m/nofp/libc_nano.a(libc_a-mallocr.o)
__malloc_sbrk_start                               /opt/arm-gnu-toolchain-12.2.rel1-x86_64-arm-none-eabi/bin/../lib/gcc/arm-none-eabi/12.2.1/../../../../arm-none-eabi/lib/thumb/v7-m/nofp/libc_nano.a(libc_a-mallocr.o)
__malloc_unlock                                   /opt/arm-gnu-toolchain-12.2.rel1-x86_64-arm-none-eabi/bin/../lib/gcc/arm-none-eabi/12.2.1/../../../../arm-none-eabi/lib/thumb/v7-m/nofp/libc_nano.a(libc_a-mlock.o)
                                                  /opt/arm-gnu-toolchain-12.2.rel1-x86_64-arm-none-eabi/bin/../lib/gcc/arm-none-eabi/12.2.1/../../../../arm-none-eabi/lib/thumb/v7-m/nofp/libc_nano.a(libc_a-freer.o)
                                                  /opt/arm-gnu-toolchain-12.2.rel1-x86_64-arm-none-eabi/bin/../lib/gcc/arm-none-eabi/12.2.1/../../../../arm-none-eabi/lib/thumb/v7-m/nofp/libc_nano.a(libc_a-mallocr.o)
__preinit_array_end                               /opt/arm-gnu-toolchain-12.2.rel1-x86_64-arm-none-eabi/bin/../lib/gcc/arm-none-eabi/12.2.1/../../../../arm-none-eabi/lib/thumb/v7-m/nofp/libc_nano.a(libc_a-init.o)
__preinit_array_start                             /opt/arm-gnu-toolchain-12.2.rel1-x86_64-arm-none-eabi/bin/../lib/gcc/arm-none-eabi/12.2.1/../../../../arm-none-eabi/lib/thumb/v7-m/nofp/libc_nano.a(libc_a-init.o)
__register_frame_info                             /opt/arm-gnu-toolchain-12.2.rel1-x86_64-arm-none-eabi/bin/../lib/gcc/arm-none-eabi/12.2.1/thumb/v7-m/nofp/crtbegin.o
__retarget_lock_acquire                           /opt/arm-gnu-toolchain-12.2.rel1-x86_64-arm-none-eabi/bin/../lib/gcc/arm-none-eabi/12.2.1/../../../../arm-none-eabi/lib/thumb/v7-m/nofp/libc_nano.a(libc_a-lock.o)
__retarget_lock_acquire_recursive                 /opt/arm-gnu-toolchain-12.2.rel1-x86_64-arm-none-eabi/bin/../lib/gcc/arm-none-eabi/12.2.1/../../../../arm-none-eabi/lib/thumb/v7-m/nofp/libc_nano.a(libc_a-lock.o)
                                                  /opt/arm-gnu-toolchain-12.2.rel1-x86_64-arm-none-eabi/bin/../lib/gcc/arm-none-eabi/12.2.1/../../../../arm-none-eabi/lib/thumb/v7-m/nofp/libc_nano.a(libc_a-mlock.o)
                                                  /opt/arm-gnu-toolchain-12.2.rel1-x86_64-arm-none-eabi/bin/../lib/gcc/arm-none-eabi/12.2.1/../../../../arm-none-eabi/lib/thumb/v7-m/nofp/libc_nano.a(libc_a-fflush.o)
                                                  /opt/arm-gnu-toolchain-12.2.rel1-x86_64-arm-none-eabi/bin/../lib/gcc/arm-none-eabi/12.2.1/../../../../arm-none-eabi/lib/thumb/v7-m/nofp/libc_nano.a(libc_a-findfp.o)
__retarget_lock_close                             /opt/arm-gnu-toolchain-12.2.rel1-x86_64-arm-none-eabi/bin/../lib/gcc/arm-none-eabi/12.2.1/../../../../arm-none-eabi/lib/thumb/v7-m/nofp/libc_nano.a(libc_a-lock.o)
__retarget_lock_close_recursive                   /opt/arm-gnu-toolchain-12.2.rel1-x86_64-arm-none-eabi/bin/../lib/gcc/arm-none-eabi/12.2.1/../../../../arm-none-eabi/lib/thumb/v7-m/nofp/libc_nano.a(libc_a-lock.o)
__retarget_lock_init                              /opt/arm-gnu-toolchain-12.2.rel1-x86_64-arm-none-eabi/bin/../lib/gcc/arm-none-eabi/12.2.1/../../../../arm-none-eabi/lib/thumb/v7-m/nofp/libc_nano.a(libc_a-lock.o)
__retarget_lock_init_recursive                    /opt/arm-gnu-toolchain-12.2.rel1-x86_64-arm-none-eabi/bin/../lib/gcc/arm-none-eabi/12.2.1/../../../../arm-none-eabi/lib/thumb/v7-m/nofp/libc_nano.a(libc_a-lock.o)
                                                  /opt/arm-gnu-toolchain-12.2.rel1-x86_64-arm-none-eabi/bin/../lib/gcc/arm-none-eabi/12.2.1/../../../../arm-none-eabi/lib/thumb/v7-m/nofp/libc_nano.a(libc_a-findfp.o)
__retarget_lock_release                           /opt/arm-gnu-toolchain-12.2.rel1-x86_64-arm-none-eabi/bin/../lib/gcc/arm-none-eabi/12.2.1/../../../../arm-none-eabi/lib/thumb/v7-m/nofp/libc_nano.a(libc_a-lock.o)
__retarget_lock_release_recursive                 /opt/arm-gnu-toolchain-12.2.rel1-x86_64-arm-none-eabi/bin/../lib/gcc/arm-none-eabi/12.2.1/../../../../arm-none-eabi/lib/thumb/v7-m/nofp/libc_nano.a(libc_a-lock.o)
                                                  /opt/arm-gnu-toolchain-12.2.rel1-x86_64-arm-none-eabi/bin/../lib/gcc/arm-none-eabi/12.2.1/../../../../arm-none-eabi/lib/thumb/v7-m/nofp/libc_nano.a(libc_a-mlock.o)
                                                  /opt/arm-gnu-toolchain-12.2.rel1-x86_64-arm-none-eabi/bin/../lib/gcc/arm-none-eabi/12.2.1/../../../../arm-none-eabi/lib/thumb/v7-m/nofp/libc_nano.a(libc_a-fflush.o)
                                                  /opt/arm-gnu-toolchain-12.2.rel1-x86_64-arm-none-eabi/bin/../lib/gcc/arm-none-eabi/12.2.1/../../../../arm-none-eabi/lib/thumb/v7-m/nofp/libc_nano.a(libc_a-findfp.o)
__retarget_lock_try_acquire                       /opt/arm-gnu-toolchain-12.2.rel1-x86_64-arm-none-eabi/bin/../lib/gcc/arm-none-eabi/12.2.1/../../../../arm-none-eabi/lib/thumb/v7-m/nofp/libc_nano.a(libc_a-lock.o)
__retarget_lock_try_acquire_recursive             /opt/arm-gnu-toolchain-12.2.rel1-x86_64-arm-none-eabi/bin/../lib/gcc/arm-none-eabi/12.2.1/../../../../arm-none-eabi/lib/thumb/v7-m/nofp/libc_nano.a(libc_a-lock.o)
__sclose                                          /opt/arm-gnu-toolchain-12.2.rel1-x86_64-arm-none-eabi/bin/../lib/gcc/arm-none-eabi/12.2.1/../../../../arm-none-eabi/lib/thumb/v7-m/nofp/libc_nano.a(libc_a-stdio.o)
                                                  /opt/arm-gnu-toolchain-12.2.rel1-x86_64-arm-none-eabi/bin/../lib/gcc/arm-none-eabi/12.2.1/../../../../arm-none-eabi/lib/thumb/v7-m/nofp/libc_nano.a(libc_a-findfp.o)
__seofread                                        /opt/arm-gnu-toolchain-12.2.rel1-x86_64-arm-none-eabi/bin/../lib/gcc/arm-none-eabi/12.2.1/../../../../arm-none-eabi/lib/thumb/v7-m/nofp/libc_nano.a(libc_a-stdio.o)
__sf                                              /opt/arm-gnu-toolchain-12.2.rel1-x86_64-arm-none-eabi/bin/../lib/gcc/arm-none-eabi/12.2.1/../../../../arm-none-eabi/lib/thumb/v7-m/nofp/libc_nano.a(libc_a-findfp.o)
                                                  /opt/arm-gnu-toolchain-12.2.rel1-x86_64-arm-none-eabi/bin/../lib/gcc/arm-none-eabi/12.2.1/../../../../arm-none-eabi/lib/thumb/v7-m/nofp/libc_nano.a(libc_a-impure.o)
__sflush_r                                        /opt/arm-gnu-toolchain-12.2.rel1-x86_64-arm-none-eabi/bin/../lib/gcc/arm-none-eabi/12.2.1/../../../../arm-none-eabi/lib/thumb/v7-m/nofp/libc_nano.a(libc_a-fflush.o)
__sfp                                             /opt/arm-gnu-toolchain-12.2.rel1-x86_64-arm-none-eabi/bin/../lib/gcc/arm-none-eabi/12.2.1/../../../../arm-none-eabi/lib/thumb/v7-m/nofp/libc_nano.a(libc_a-findfp.o)
__sfp_lock_acquire                                /opt/arm-gnu-toolchain-12.2.rel1-x86_64-arm-none-eabi/bin/../lib/gcc/arm-none-eabi/12.2.1/../../../../arm-none-eabi/lib/thumb/v7-m/nofp/libc_nano.a(libc_a-findfp.o)
__sfp_lock_release                                /opt/arm-gnu-toolchain-12.2.rel1-x86_64-arm-none-eabi/bin/../lib/gcc/arm-none-eabi/12.2.1/../../../../arm-none-eabi/lib/thumb/v7-m/nofp/libc_nano.a(libc_a-findfp.o)
__sglue                                           /opt/arm-gnu-toolchain-12.2.rel1-x86_64-arm-none-eabi/bin/../lib/gcc/arm-none-eabi/12.2.1/../../../../arm-none-eabi/lib/thumb/v7-m/nofp/libc_nano.a(libc_a-findfp.o)
                                                  /opt/arm-gnu-toolchain-12.2.rel1-x86_64-arm-none-eabi/bin/../lib/gcc/arm-none-eabi/12.2.1/../../../../arm-none-eabi/lib/thumb/v7-m/nofp/libc_nano.a(libc_a-fflush.o)
__sinit                                           /opt/arm-gnu-toolchain-12.2.rel1-x86_64-arm-none-eabi/bin/../lib/gcc/arm-none-eabi/12.2.1/../../../../arm-none-eabi/lib/thumb/v7-m/nofp/libc_nano.a(libc_a-findfp.o)
                                                  /opt/arm-gnu-toolchain-12.2.rel1-x86_64-arm-none-eabi/bin/../lib/gcc/arm-none-eabi/12.2.1/../../../../arm-none-eabi/lib/thumb/v7-m/nofp/libc_nano.a(libc_a-fflush.o)
__sread                                           /opt/arm-gnu-toolchain-12.2.rel1-x86_64-arm-none-eabi/bin/../lib/gcc/arm-none-eabi/12.2.1/../../../../arm-none-eabi/lib/thumb/v7-m/nofp/libc_nano.a(libc_a-stdio.o)
                                                  /opt/arm-gnu-toolchain-12.2.rel1-x86_64-arm-none-eabi/bin/../lib/gcc/arm-none-eabi/12.2.1/../../../../arm-none-eabi/lib/thumb/v7-m/nofp/libc_nano.a(libc_a-findfp.o)
__sseek                                           /opt/arm-gnu-toolchain-12.2.rel1-x86_64-arm-none-eabi/bin/../lib/gcc/arm-none-eabi/12.2.1/../../../../arm-none-eabi/lib/thumb/v7-m/nofp/libc_nano.a(libc_a-stdio.o)
                                                  /opt/arm-gnu-toolchain-12.2.rel1-x86_64-arm-none-eabi/bin/../lib/gcc/arm-none-eabi/12.2.1/../../../../arm-none-eabi/lib/thumb/v7-m/nofp/libc_nano.a(libc_a-findfp.o)
__stack                                           /opt/arm-gnu-toolchain-12.2.rel1-x86_64-arm-none-eabi/bin/../lib/gcc/arm-none-eabi/12.2.1/../../../../arm-none-eabi/lib/thumb/v7-m/nofp/crt0.o
__stdio_exit_handler                              /opt/arm-gnu-toolchain-12.2.rel1-x86_64-arm-none-eabi/bin/../lib/gcc/arm-none-eabi/12.2.1/../../../../arm-none-eabi/lib/thumb/v7-m/nofp/libc_nano.a(libc_a-findfp.o)
                                                  /opt/arm-gnu-toolchain-12.2.rel1-x86_64-arm-none-eabi/bin/../lib/gcc/arm-none-eabi/12.2.1/../../../../arm-none-eabi/lib/thumb/v7-m/nofp/libc_nano.a(libc_a-exit.o)
__swrite                                          /opt/arm-gnu-toolchain-12.2.rel1-x86_64-arm-none-eabi/bin/../lib/gcc/arm-none-eabi/12.2.1/../../../../arm-none-eabi/lib/thumb/v7-m/nofp/libc_nano.a(libc_a-stdio.o)
                                                  /opt/arm-gnu-toolchain-12.2.rel1-x86_64-arm-none-eabi/bin/../lib/gcc/arm-none-eabi/12.2.1/../../../../arm-none-eabi/lib/thumb/v7-m/nofp/libc_nano.a(libc_a-findfp.o)
_close                                            /opt/arm-gnu-toolchain-12.2.rel1-x86_64-arm-none-eabi/bin/../lib/gcc/arm-none-eabi/12.2.1/../../../../arm-none-eabi/lib/thumb/v7-m/nofp/libnosys.a(close.o)
                                                  /opt/arm-gnu-toolchain-12.2.rel1-x86_64-arm-none-eabi/bin/../lib/gcc/arm-none-eabi/12.2.1/../../../../arm-none-eabi/lib/thumb/v7-m/nofp/libc_nano.a(libc_a-closer.o)
_close_r                                          /opt/arm-gnu-toolchain-12.2.rel1-x86_64-arm-none-eabi/bin/../lib/gcc/arm-none-eabi/12.2.1/../../../../arm-none-eabi/lib/thumb/v7-m/nofp/libc_nano.a(libc_a-closer.o)
                                                  /opt/arm-gnu-toolchain-12.2.rel1-x86_64-arm-none-eabi/bin/../lib/gcc/arm-none-eabi/12.2.1/../../../../arm-none-eabi/lib/thumb/v7-m/nofp/libc_nano.a(libc_a-stdio.o)
_ebss                                             build/startup_stm32f103xb.o
_edata                                            build/startup_stm32f103xb.o
_estack                                           build/startup_stm32f103xb.o
_exit                                             /opt/arm-gnu-toolchain-12.2.rel1-x86_64-arm-none-eabi/bin/../lib/gcc/arm-none-eabi/12.2.1/../../../../arm-none-eabi/lib/thumb/v7-m/nofp/libnosys.a(_exit.o)
                                                  /opt/arm-gnu-toolchain-12.2.rel1-x86_64-arm-none-eabi/bin/../lib/gcc/arm-none-eabi/12.2.1/../../../../arm-none-eabi/lib/thumb/v7-m/nofp/libc_nano.a(libc_a-exit.o)
_fflush_r                                         /opt/arm-gnu-toolchain-12.2.rel1-x86_64-arm-none-eabi/bin/../lib/gcc/arm-none-eabi/12.2.1/../../../../arm-none-eabi/lib/thumb/v7-m/nofp/libc_nano.a(libc_a-fflush.o)
                                                  /opt/arm-gnu-toolchain-12.2.rel1-x86_64-arm-none-eabi/bin/../lib/gcc/arm-none-eabi/12.2.1/../../../../arm-none-eabi/lib/thumb/v7-m/nofp/libc_nano.a(libc_a-findfp.o)
_fini                                             /opt/arm-gnu-toolchain-12.2.rel1-x86_64-arm-none-eabi/bin/../lib/gcc/arm-none-eabi/12.2.1/thumb/v7-m/nofp/crti.o
_free_r                                           /opt/arm-gnu-toolchain-12.2.rel1-x86_64-arm-none-eabi/bin/../lib/gcc/arm-none-eabi/12.2.1/../../../../arm-none-eabi/lib/thumb/v7-m/nofp/libc_nano.a(libc_a-freer.o)
                                                  /opt/arm-gnu-toolchain-12.2.rel1-x86_64-arm-none-eabi/bin/../lib/gcc/arm-none-eabi/12.2.1/../../../../arm-none-eabi/lib/thumb/v7-m/nofp/libc_nano.a(libc_a-fflush.o)
                                                  /opt/arm-gnu-toolchain-12.2.rel1-x86_64-arm-none-eabi/bin/../lib/gcc/arm-none-eabi/12.2.1/../../../../arm-none-eabi/lib/thumb/v7-m/nofp/libc_nano.a(libc_a-reent.o)
_fwalk_sglue                                      /opt/arm-gnu-toolchain-12.2.rel1-x86_64-arm-none-eabi/bin/../lib/gcc/arm-none-eabi/12.2.1/../../../../arm-none-eabi/lib/thumb/v7-m/nofp/libc_nano.a(libc_a-fwalk.o)
                                                  /opt/arm-gnu-toolchain-12.2.rel1-x86_64-arm-none-eabi/bin/../lib/gcc/arm-none-eabi/12.2.1/../../../../arm-none-eabi/lib/thumb/v7-m/nofp/libc_nano.a(libc_a-fflush.o)
                                                  /opt/arm-gnu-toolchain-12.2.rel1-x86_64-arm-none-eabi/bin/../lib/gcc/arm-none-eabi/12.2.1/../../../../arm-none-eabi/lib/thumb/v7-m/nofp/libc_nano.a(libc_a-findfp.o)
_impure_data                                      /opt/arm-gnu-toolchain-12.2.rel1-x86_64-arm-none-eabi/bin/../lib/gcc/arm-none-eabi/12.2.1/../../../../arm-none-eabi/lib/thumb/v7-m/nofp/libc_nano.a(libc_a-impure.o)
                                                  /opt/arm-gnu-toolchain-12.2.rel1-x86_64-arm-none-eabi/bin/../lib/gcc/arm-none-eabi/12.2.1/../../../../arm-none-eabi/lib/thumb/v7-m/nofp/libc_nano.a(libc_a-fflush.o)
                                                  /opt/arm-gnu-toolchain-12.2.rel1-x86_64-arm-none-eabi/bin/../lib/gcc/arm-none-eabi/12.2.1/../../../../arm-none-eabi/lib/thumb/v7-m/nofp/libc_nano.a(libc_a-findfp.o)
_impure_ptr                                       /opt/arm-gnu-toolchain-12.2.rel1-x86_64-arm-none-eabi/bin/../lib/gcc/arm-none-eabi/12.2.1/../../../../arm-none-eabi/lib/thumb/v7-m/nofp/libc_nano.a(libc_a-impure.o)
                                                  /opt/arm-gnu-toolchain-12.2.rel1-x86_64-arm-none-eabi/bin/../lib/gcc/arm-none-eabi/12.2.1/../../../../arm-none-eabi/lib/thumb/v7-m/nofp/libc_nano.a(libc_a-fflush.o)
                                                  /opt/arm-gnu-toolchain-12.2.rel1-x86_64-arm-none-eabi/bin/../lib/gcc/arm-none-eabi/12.2.1/../../../../arm-none-eabi/lib/thumb/v7-m/nofp/libc_nano.a(libc_a-reent.o)
_init                                             /opt/arm-gnu-toolchain-12.2.rel1-x86_64-arm-none-eabi/bin/../lib/gcc/arm-none-eabi/12.2.1/thumb/v7-m/nofp/crti.o
                                                  /opt/arm-gnu-toolchain-12.2.rel1-x86_64-arm-none-eabi/bin/../lib/gcc/arm-none-eabi/12.2.1/../../../../arm-none-eabi/lib/thumb/v7-m/nofp/libc_nano.a(libc_a-init.o)
_lseek                                            /opt/arm-gnu-toolchain-12.2.rel1-x86_64-arm-none-eabi/bin/../lib/gcc/arm-none-eabi/12.2.1/../../../../arm-none-eabi/lib/thumb/v7-m/nofp/libnosys.a(lseek.o)
                                                  /opt/arm-gnu-toolchain-12.2.rel1-x86_64-arm-none-eabi/bin/../lib/gcc/arm-none-eabi/12.2.1/../../../../arm-none-eabi/lib/thumb/v7-m/nofp/libc_nano.a(libc_a-lseekr.o)
_lseek_r                                          /opt/arm-gnu-toolchain-12.2.rel1-x86_64-arm-none-eabi/bin/../lib/gcc/arm-none-eabi/12.2.1/../../../../arm-none-eabi/lib/thumb/v7-m/nofp/libc_nano.a(libc_a-lseekr.o)
                                                  /opt/arm-gnu-toolchain-12.2.rel1-x86_64-arm-none-eabi/bin/../lib/gcc/arm-none-eabi/12.2.1/../../../../arm-none-eabi/lib/thumb/v7-m/nofp/libc_nano.a(libc_a-stdio.o)
_mainCRTStartup                                   /opt/arm-gnu-toolchain-12.2.rel1-x86_64-arm-none-eabi/bin/../lib/gcc/arm-none-eabi/12.2.1/../../../../arm-none-eabi/lib/thumb/v7-m/nofp/crt0.o
_malloc_r                                         /opt/arm-gnu-toolchain-12.2.rel1-x86_64-arm-none-eabi/bin/../lib/gcc/arm-none-eabi/12.2.1/../../../../arm-none-eabi/lib/thumb/v7-m/nofp/libc_nano.a(libc_a-mallocr.o)
                                                  /opt/arm-gnu-toolchain-12.2.rel1-x86_64-arm-none-eabi/bin/../lib/gcc/arm-none-eabi/12.2.1/../../../../arm-none-eabi/lib/thumb/v7-m/nofp/libc_nano.a(libc_a-findfp.o)
_read                                             /opt/arm-gnu-toolchain-12.2.rel1-x86_64-arm-none-eabi/bin/../lib/gcc/arm-none-eabi/12.2.1/../../../../arm-none-eabi/lib/thumb/v7-m/nofp/libnosys.a(read.o)
                                                  /opt/arm-gnu-toolchain-12.2.rel1-x86_64-arm-none-eabi/bin/../lib/gcc/arm-none-eabi/12.2.1/../../../../arm-none-eabi/lib/thumb/v7-m/nofp/libc_nano.a(libc_a-readr.o)
_read_r                                           /opt/arm-gnu-toolchain-12.2.rel1-x86_64-arm-none-eabi/bin/../lib/gcc/arm-none-eabi/12.2.1/../../../../arm-none-eabi/lib/thumb/v7-m/nofp/libc_nano.a(libc_a-readr.o)
                                                  /opt/arm-gnu-toolchain-12.2.rel1-x86_64-arm-none-eabi/bin/../lib/gcc/arm-none-eabi/12.2.1/../../../../arm-none-eabi/lib/thumb/v7-m/nofp/libc_nano.a(libc_a-stdio.o)
_reclaim_reent                                    /opt/arm-gnu-toolchain-12.2.rel1-x86_64-arm-none-eabi/bin/../lib/gcc/arm-none-eabi/12.2.1/../../../../arm-none-eabi/lib/thumb/v7-m/nofp/libc_nano.a(libc_a-reent.o)
_sbrk                                             /opt/arm-gnu-toolchain-12.2.rel1-x86_64-arm-none-eabi/bin/../lib/gcc/arm-none-eabi/12.2.1/../../../../arm-none-eabi/lib/thumb/v7-m/nofp/libnosys.a(sbrk.o)
                                                  /opt/arm-gnu-toolchain-12.2.rel1-x86_64-arm-none-eabi/bin/../lib/gcc/arm-none-eabi/12.2.1/../../../../arm-none-eabi/lib/thumb/v7-m/nofp/libc_nano.a(libc_a-sbrkr.o)
_sbrk_r                                           /opt/arm-gnu-toolchain-12.2.rel1-x86_64-arm-none-eabi/bin/../lib/gcc/arm-none-eabi/12.2.1/../../../../arm-none-eabi/lib/thumb/v7-m/nofp/libc_nano.a(libc_a-sbrkr.o)
                                                  /opt/arm-gnu-toolchain-12.2.rel1-x86_64-arm-none-eabi/bin/../lib/gcc/arm-none-eabi/12.2.1/../../../../arm-none-eabi/lib/thumb/v7-m/nofp/libc_nano.a(libc_a-mallocr.o)
_sbss                                             build/startup_stm32f103xb.o
_sdata                                            build/startup_stm32f103xb.o
_sidata                                           build/startup_stm32f103xb.o
_stack_init                                       /opt/arm-gnu-toolchain-12.2.rel1-x86_64-arm-none-eabi/bin/../lib/gcc/arm-none-eabi/12.2.1/../../../../arm-none-eabi/lib/thumb/v7-m/nofp/crt0.o
_start                                            /opt/arm-gnu-toolchain-12.2.rel1-x86_64-arm-none-eabi/bin/../lib/gcc/arm-none-eabi/12.2.1/../../../../arm-none-eabi/lib/thumb/v7-m/nofp/crt0.o
_write                                            /opt/arm-gnu-toolchain-12.2.rel1-x86_64-arm-none-eabi/bin/../lib/gcc/arm-none-eabi/12.2.1/../../../../arm-none-eabi/lib/thumb/v7-m/nofp/libnosys.a(write.o)
                                                  /opt/arm-gnu-toolchain-12.2.rel1-x86_64-arm-none-eabi/bin/../lib/gcc/arm-none-eabi/12.2.1/../../../../arm-none-eabi/lib/thumb/v7-m/nofp/libc_nano.a(libc_a-writer.o)
_write_r                                          /opt/arm-gnu-toolchain-12.2.rel1-x86_64-arm-none-eabi/bin/../lib/gcc/arm-none-eabi/12.2.1/../../../../arm-none-eabi/lib/thumb/v7-m/nofp/libc_nano.a(libc_a-writer.o)
                                                  /opt/arm-gnu-toolchain-12.2.rel1-x86_64-arm-none-eabi/bin/../lib/gcc/arm-none-eabi/12.2.1/../../../../arm-none-eabi/lib/thumb/v7-m/nofp/libc_nano.a(libc_a-stdio.o)
atexit                                            /opt/arm-gnu-toolchain-12.2.rel1-x86_64-arm-none-eabi/bin/../lib/gcc/arm-none-eabi/12.2.1/../../../../arm-none-eabi/lib/thumb/v7-m/nofp/crt0.o
end                                               /opt/arm-gnu-toolchain-12.2.rel1-x86_64-arm-none-eabi/bin/../lib/gcc/arm-none-eabi/12.2.1/../../../../arm-none-eabi/lib/thumb/v7-m/nofp/libnosys.a(sbrk.o)
errno                                             /opt/arm-gnu-toolchain-12.2.rel1-x86_64-arm-none-eabi/bin/../lib/gcc/arm-none-eabi/12.2.1/../../../../arm-none-eabi/lib/thumb/v7-m/nofp/libc_nano.a(libc_a-reent.o)
                                                  /opt/arm-gnu-toolchain-12.2.rel1-x86_64-arm-none-eabi/bin/../lib/gcc/arm-none-eabi/12.2.1/../../../../arm-none-eabi/lib/thumb/v7-m/nofp/libnosys.a(write.o)
                                                  /opt/arm-gnu-toolchain-12.2.rel1-x86_64-arm-none-eabi/bin/../lib/gcc/arm-none-eabi/12.2.1/../../../../arm-none-eabi/lib/thumb/v7-m/nofp/libnosys.a(read.o)
                                                  /opt/arm-gnu-toolchain-12.2.rel1-x86_64-arm-none-eabi/bin/../lib/gcc/arm-none-eabi/12.2.1/../../../../arm-none-eabi/lib/thumb/v7-m/nofp/libnosys.a(lseek.o)
                                                  /opt/arm-gnu-toolchain-12.2.rel1-x86_64-arm-none-eabi/bin/../lib/gcc/arm-none-eabi/12.2.1/../../../../arm-none-eabi/lib/thumb/v7-m/nofp/libnosys.a(close.o)
                                                  /opt/arm-gnu-toolchain-12.2.rel1-x86_64-arm-none-eabi/bin/../lib/gcc/arm-none-eabi/12.2.1/../../../../arm-none-eabi/lib/thumb/v7-m/nofp/libc_nano.a(libc_a-sbrkr.o)
                                                  /opt/arm-gnu-toolchain-12.2.rel1-x86_64-arm-none-eabi/bin/../lib/gcc/arm-none-eabi/12.2.1/../../../../arm-none-eabi/lib/thumb/v7-m/nofp/libc_nano.a(libc_a-readr.o)
                                                  /opt/arm-gnu-toolchain-12.2.rel1-x86_64-arm-none-eabi/bin/../lib/gcc/arm-none-eabi/12.2.1/../../../../arm-none-eabi/lib/thumb/v7-m/nofp/libc_nano.a(libc_a-lseekr.o)
                                                  /opt/arm-gnu-toolchain-12.2.rel1-x86_64-arm-none-eabi/bin/../lib/gcc/arm-none-eabi/12.2.1/../../../../arm-none-eabi/lib/thumb/v7-m/nofp/libc_nano.a(libc_a-closer.o)
                                                  /opt/arm-gnu-toolchain-12.2.rel1-x86_64-arm-none-eabi/bin/../lib/gcc/arm-none-eabi/12.2.1/../../../../arm-none-eabi/lib/thumb/v7-m/nofp/libc_nano.a(libc_a-writer.o)
exit                                              /opt/arm-gnu-toolchain-12.2.rel1-x86_64-arm-none-eabi/bin/../lib/gcc/arm-none-eabi/12.2.1/../../../../arm-none-eabi/lib/thumb/v7-m/nofp/libc_nano.a(libc_a-exit.o)
                                                  /opt/arm-gnu-toolchain-12.2.rel1-x86_64-arm-none-eabi/bin/../lib/gcc/arm-none-eabi/12.2.1/../../../../arm-none-eabi/lib/thumb/v7-m/nofp/crt0.o
fflush                                            /opt/arm-gnu-toolchain-12.2.rel1-x86_64-arm-none-eabi/bin/../lib/gcc/arm-none-eabi/12.2.1/../../../../arm-none-eabi/lib/thumb/v7-m/nofp/libc_nano.a(libc_a-fflush.o)
g_pfnVectors                                      build/startup_stm32f103xb.o
hardware_init_hook                                /opt/arm-gnu-toolchain-12.2.rel1-x86_64-arm-none-eabi/bin/../lib/gcc/arm-none-eabi/12.2.1/../../../../arm-none-eabi/lib/thumb/v7-m/nofp/crt0.o
main                                              build/main.o
                                                  build/startup_stm32f103xb.o
                                                  /opt/arm-gnu-toolchain-12.2.rel1-x86_64-arm-none-eabi/bin/../lib/gcc/arm-none-eabi/12.2.1/../../../../arm-none-eabi/lib/thumb/v7-m/nofp/crt0.o
memset                                            /opt/arm-gnu-toolchain-12.2.rel1-x86_64-arm-none-eabi/bin/../lib/gcc/arm-none-eabi/12.2.1/../../../../arm-none-eabi/lib/thumb/v7-m/nofp/libc_nano.a(libc_a-memset.o)
                                                  /opt/arm-gnu-toolchain-12.2.rel1-x86_64-arm-none-eabi/bin/../lib/gcc/arm-none-eabi/12.2.1/../../../../arm-none-eabi/lib/thumb/v7-m/nofp/libc_nano.a(libc_a-findfp.o)
                                                  build/main.o
                                                  /opt/arm-gnu-toolchain-12.2.rel1-x86_64-arm-none-eabi/bin/../lib/gcc/arm-none-eabi/12.2.1/../../../../arm-none-eabi/lib/thumb/v7-m/nofp/crt0.o
pFlash                                            build/stm32f1xx_hal_flash.o
                                                  build/stm32f1xx_hal_flash_ex.o
set_pins_from_counter                             build/main.o
software_init_hook                                /opt/arm-gnu-toolchain-12.2.rel1-x86_64-arm-none-eabi/bin/../lib/gcc/arm-none-eabi/12.2.1/../../../../arm-none-eabi/lib/thumb/v7-m/nofp/crt0.o
uwTick                                            build/stm32f1xx_hal.o
uwTickFreq                                        build/stm32f1xx_hal.o
uwTickPrio                                        build/stm32f1xx_hal.o
                                                  build/stm32f1xx_hal_rcc.o
